
> vite-react-typescript-starter@0.0.0 build
> vite build

[36mvite v5.4.21 [32mbuilding for production...[36m[39m
transforming...
[32m✓[39m 28 modules transformed.
[31mx[39m Build failed in 2.13s
[31merror during build:
[31mCould not resolve "../../assest/w1.jpeg" from "../../../../../../C:/Users/asemm/Videos/New folder/citinnovest.com-main/src/components/gallery_header.tsx"[31m
file: [36mC:/Users/asemm/Videos/New folder/citinnovest.com-main/src/components/gallery_header.tsx[31m
    at getRollupError (file:///c:/Users/asemm/Videos/New%20folder/citinnovest.com-main/node_modules/rollup/dist/es/shared/parseAst.js:317:41)
    at error (file:///c:/Users/asemm/Videos/New%20folder/citinnovest.com-main/node_modules/rollup/dist/es/shared/parseAst.js:313:42)
    at ModuleLoader.handleInvalidResolvedId (file:///c:/Users/asemm/Videos/New%20folder/citinnovest.com-main/node_modules/rollup/dist/es/shared/node-entry.js:21930:24)
    at file:///c:/Users/asemm/Videos/New%20folder/citinnovest.com-main/node_modules/rollup/dist/es/shared/node-entry.js:21890:26[39m
